
==============================================================================
CLAIM 1: with eps=1/T, SMC achieves bounded TV error
==============================================================================
  T=10, eps=0.100: hit_rate=0.5950, TV=0.4050 (bounded < 1)
  -> PASS

==============================================================================
CLAIM 2: without reward, samples needed grow exponentially with T
==============================================================================
  samples needed (no reward) vs T [4, 6, 8]: [16777216, 16777216, 16777216] (grows 1x)
  -> FAIL

==============================================================================
CLAIM 3: with reward, complexity still grows but more slowly than without
==============================================================================
  samples needed (with reward eps=0.1) vs T [4, 6, 8]: [16384, 16384, 16384]
  reward helps: 16384 < 16777216 -> PASS

==============================================================================
CLAIM 4: single-particle TV error <= 2T*eps
==============================================================================
  eps=0.01: TV=0.0000 <= 2T*eps=0.20: True
  eps=0.05: TV=1.0000 <= 2T*eps=1.00: True
  eps=0.1: TV=1.0000 <= 2T*eps=2.00: True
  TV(eps=0.01)=0.0300 < TV(eps=0.1)=0.3800 (TV grows with eps)
  -> PASS

==============================================================================
CLAIM 5: more particles -> lower TV error (bounded complexity)
==============================================================================
  TV vs N [10, 100, 1000]: [0.1, 0.27, 0.224] (decreasing)
  -> FAIL

==============================================================================
CLAIM 6: systematic approach achieves target accuracy
==============================================================================
  final TV with N=5000, eps=0.02: 0.0910 (target ~0.1)
  -> PASS

==============================================================================
VERDICT SUMMARY
==============================================================================
  [PASS] c1_bounded_tv
  [FAIL] c2_exponential_no_reward
  [PASS] c3_reward_helps
  [PASS] c4_tv_bound
  [FAIL] c5_particle_complexity
  [PASS] c6_mh_approach

  4/6 claims verified.
  wrote outputs/verdict.json
